[backblue.gif]
[fade.gif]
[index.html]
[gameprogrammingpatterns.com/favicon-32x32.png]
[gameprogrammingpatterns.com/favicon-16x16.png]
[gameprogrammingpatterns.com/images/title-padding.png]
[gameprogrammingpatterns.com/sample.pdf]
[gameprogrammingpatterns.com/images/dogshot.jpg]
[gameprogrammingpatterns.com/index.html]
[gameprogrammingpatterns.com/images/background.png]
[gameprogrammingpatterns.com/images/splash.jpg]
[gameprogrammingpatterns.com/images/format-print.jpg]
[gameprogrammingpatterns.com/images/format-ebook.jpg]
[gameprogrammingpatterns.com/images/format-pdf.png]
[gameprogrammingpatterns.com/images/format-web.jpg]
[gameprogrammingpatterns.com/images/format-bullet.png]
[gameprogrammingpatterns.com/index.css]
[www.google-analytics.com/analytics.js]
[gameprogrammingpatterns.com/contents.html]
[gameprogrammingpatterns.com/style.css]
[gameprogrammingpatterns.com/jquery-1.10.1.min.js]
[gameprogrammingpatterns.com/script.js]
[gameprogrammingpatterns.com/acknowledgements.html]
[gameprogrammingpatterns.com/introduction.html]
[gameprogrammingpatterns.com/images/architecture-cycle.png]
[gameprogrammingpatterns.com/architecture-performance-and-games.html]
[gameprogrammingpatterns.com/design-patterns-revisited.html]
[gameprogrammingpatterns.com/images/command-buttons-one.png]
[gameprogrammingpatterns.com/images/command-buttons-two.png]
[gameprogrammingpatterns.com/images/command-stream.png]
[gameprogrammingpatterns.com/images/command-undo.png]
[gameprogrammingpatterns.com/command.html]
[gameprogrammingpatterns.com/images/flyweight-trees.png]
[gameprogrammingpatterns.com/images/flyweight-tree-model.png]
[gameprogrammingpatterns.com/images/flyweight-tiles.png]
[gameprogrammingpatterns.com/flyweight.html]
[gameprogrammingpatterns.com/images/observer-weasel-wielder.png]
[gameprogrammingpatterns.com/images/observer-list.png]
[gameprogrammingpatterns.com/images/observer-linked.png]
[gameprogrammingpatterns.com/images/observer-nodes.png]
[gameprogrammingpatterns.com/observer.html]
[gameprogrammingpatterns.com/images/prototype-hierarchies.png]
[gameprogrammingpatterns.com/images/arrow-inherits.png]
[gameprogrammingpatterns.com/images/prototype-spawner.png]
[gameprogrammingpatterns.com/images/prototype-class.png]
[gameprogrammingpatterns.com/images/prototype-object.png]
[gameprogrammingpatterns.com/images/prototype-delegate.png]
[gameprogrammingpatterns.com/images/prototype-weapon.png]
[gameprogrammingpatterns.com/prototype.html]
[gameprogrammingpatterns.com/singleton.html]
[gameprogrammingpatterns.com/images/state-flowchart.png]
[gameprogrammingpatterns.com/images/state-pushdown.png]
[gameprogrammingpatterns.com/state.html]
[gameprogrammingpatterns.com/sequencing-patterns.html]
[gameprogrammingpatterns.com/images/double-buffer-tearing.png]
[gameprogrammingpatterns.com/images/double-buffer-face.png]
[gameprogrammingpatterns.com/images/double-buffer-slaps-1.png]
[gameprogrammingpatterns.com/images/double-buffer-slaps-2.png]
[gameprogrammingpatterns.com/double-buffer.html]
[gameprogrammingpatterns.com/images/game-loop-simple.png]
[gameprogrammingpatterns.com/images/game-loop-fixed.png]
[gameprogrammingpatterns.com/images/game-loop-timeline.png]
[gameprogrammingpatterns.com/images/game-loop-timeline-close.png]
[gameprogrammingpatterns.com/game-loop.html]
[gameprogrammingpatterns.com/images/update-method-remove.png]
[gameprogrammingpatterns.com/images/update-method-uml.png]
[gameprogrammingpatterns.com/update-method.html]
[gameprogrammingpatterns.com/behavioral-patterns.html]
[gameprogrammingpatterns.com/images/bytecode-numbers.png]
[gameprogrammingpatterns.com/images/bytecode-ast.png]
[gameprogrammingpatterns.com/images/bytecode-code.png]
[gameprogrammingpatterns.com/images/bytecode-literal.png]
[gameprogrammingpatterns.com/images/bytecode-stack-1.png]
[gameprogrammingpatterns.com/images/bytecode-stack-2.png]
[gameprogrammingpatterns.com/images/bytecode-stack-3.png]
[gameprogrammingpatterns.com/images/bytecode-ui.png]
[gameprogrammingpatterns.com/bytecode.html]
[gameprogrammingpatterns.com/subclass-sandbox.html]
[gameprogrammingpatterns.com/images/type-object-subclasses.png]
[gameprogrammingpatterns.com/images/type-object-breed.png]
[gameprogrammingpatterns.com/images/arrow-references.png]
[gameprogrammingpatterns.com/type-object.html]
[gameprogrammingpatterns.com/decoupling-patterns.html]
[gameprogrammingpatterns.com/images/component-uml.png]
[gameprogrammingpatterns.com/component.html]
[gameprogrammingpatterns.com/images/event-queue-loop.png]
[gameprogrammingpatterns.com/images/event-queue-central.png]
[gameprogrammingpatterns.com/images/event-queue-queue.png]
[gameprogrammingpatterns.com/images/event-queue-crawl.png]
[gameprogrammingpatterns.com/images/event-queue-ring.png]
[gameprogrammingpatterns.com/event-queue.html]
[gameprogrammingpatterns.com/service-locator.html]
[gameprogrammingpatterns.com/optimization-patterns.html]
[gameprogrammingpatterns.com/images/data-locality-chart.png]
[gameprogrammingpatterns.com/images/data-locality-cache-line.png]
[gameprogrammingpatterns.com/images/data-locality-things.png]
[gameprogrammingpatterns.com/images/data-locality-pointer-chasing.png]
[gameprogrammingpatterns.com/images/data-locality-component-arrays.png]
[gameprogrammingpatterns.com/data-locality.html]
[gameprogrammingpatterns.com/images/dirty-flag-pirate.png]
[gameprogrammingpatterns.com/images/dirty-flag-multiply.png]
[gameprogrammingpatterns.com/images/dirty-flag-update-bad.png]
[gameprogrammingpatterns.com/images/dirty-flag-update-good.png]
[gameprogrammingpatterns.com/images/dirty-flag-title-bar.png]
[gameprogrammingpatterns.com/dirty-flag.html]
[gameprogrammingpatterns.com/images/object-pool-heap-fragment.png]
[gameprogrammingpatterns.com/object-pool.html]
[gameprogrammingpatterns.com/images/spatial-partition-battle-line.png]
[gameprogrammingpatterns.com/images/spatial-partition-grid.png]
[gameprogrammingpatterns.com/images/spatial-partition-linked-list.png]
[gameprogrammingpatterns.com/images/spatial-partition-adjacent.png]
[gameprogrammingpatterns.com/images/spatial-partition-neighbors.png]
[gameprogrammingpatterns.com/images/spatial-partition-quadtree.png]
[gameprogrammingpatterns.com/spatial-partition.html]
